▲ [WARNING] Cannot find base config file "@tsconfig/bun/tsconfig.json" [tsconfig.json]

    ../../tsconfig.json:3:13:
      3 │   "extends": "@tsconfig/bun/tsconfig.json",
        ╵              ~~~~~~~~~~~~~~~~~~~~~~~~~~~~~

▲ [WARNING] Cannot find base config file "@tsconfig/bun/tsconfig.json" [tsconfig.json]

    ../../tsconfig.json:3:13:
      3 │   "extends": "@tsconfig/bun/tsconfig.json",
        ╵              ~~~~~~~~~~~~~~~~~~~~~~~~~~~~~


 RUN  v2.1.9 /private/tmp/hugr-genesis-audit.3PMbXg/repo/foundation/atlas

 ✓ |unit| packages/cli/test/mine-arms-isolation.test.ts (3 tests) 5ms
 ✓ |unit| packages/cli/test/mine-arms-backcompat.test.ts (1 test) 241ms
 ✓ |unit| packages/cli/test/mine-arms-union.test.ts (1 test) 297ms
 ✓ |unit| packages/cli/test/mine-budget-cap.test.ts (6 tests) 193ms
 ✓ |unit| packages/cli/test/mine-arms-render.test.ts (4 tests) 503ms
 ✓ |unit| packages/cli/test/mine-contention.test.ts (9 tests) 8714ms
   ✓ CLI-4h — concurrent mine passes: what a pass REPORTS seeded is what is durably staged > 8 concurrent PROCESSES × 5 sites ⇒ every reported candidate survives (no last-writer-wins) 7247ms
   ✓ CLI-4h — concurrent mine passes: what a pass REPORTS seeded is what is durably staged > a pass that runs ALONE against a store another pass already filled preserves both sets 1242ms

 Test Files  6 passed (6)
      Tests  24 passed (24)
   Start at  19:42:42
   Duration  12.04s (transform 1.40s, setup 0ms, collect 13.49s, tests 9.95s, environment 2ms, prepare 1.56s)
