bun test v1.3.14 (0d9b296a)

test/maestro/governed-task.test.ts:
(pass) Maestro governed Task guard > permits exact approved decision [2.38ms]
(pass) Maestro governed Task guard > holds missing, declined, duplicate, and mismatched decisions [0.25ms]

test/maestro/admission-record.test.ts:
(pass) Maestro admission record > persists and replays one deterministic admission result [819.92ms]
(pass) Maestro admission record > refuses altered input for an existing admission key [124.26ms]

test/maestro/governed-lifecycle.test.ts:
(pass) Maestro governed lifecycle > records intake, direct approval, then exact governed child Task [2141.61ms]
(pass) Maestro governed lifecycle > shows governance tools only to Maestro [415.67ms]
(pass) Maestro governed lifecycle > refuses model-supplied validation until durable validation reader exists [942.65ms]
(pass) Maestro governed lifecycle > denies governed Task before child Session creation without exact approval [410.25ms]
(pass) Maestro governed lifecycle > creates governed Task only from exact approved event [270.94ms]

test/maestro/approval-record.test.ts:
(pass) Maestro approval record > records direct approval from exact rendered tool evidence [224.25ms]
(pass) Maestro approval record > holds when tool output differs from immutable presentation [408.66ms]
(pass) Maestro approval record > holds when discussion intervenes before direct approval [201.77ms]
(pass) Maestro approval record > replays one presentation for same revision after a retried tool call [214.05ms]

test/maestro/task-hash.test.ts:
(pass) Maestro task hash > mutation probe: every governed task intent and evidence field changes hash [0.25ms]

test/maestro/admit-request.test.ts:
(pass) Maestro admit request > returns ORIENT for valid orient assessment [17.63ms]
(pass) Maestro admit request > clarifies work without usable goal [0.21ms]
(pass) Maestro admit request > clarifies material blocker before draft [0.08ms]
(pass) Maestro admit request > returns READY_TO_DRAFT while preserving labeled claims [0.05ms]
(pass) Maestro admit request > invalid or partial assessment never reaches READY_TO_DRAFT [0.07ms]
(pass) Maestro admit request > clarifies work that may redirect active approved work [0.05ms]
(pass) Maestro admit request > mutation probe: claim labels cannot cross fact and proposal boundary [0.08ms]

test/maestro/approval.test.ts:
(pass) Maestro approval > binds explicit direct approval to visible exact revision and validation [0.60ms]
(pass) Maestro approval > accepts exact English approval and explicit decline [0.33ms]
(pass) Maestro approval > keeps questions and sentiment pending [0.32ms]
(pass) Maestro approval > mutation probe: assistant or tool text cannot self-approve [0.29ms]
(pass) Maestro approval > mutation probe: synthetic user text cannot approve [0.12ms]
(pass) Maestro approval > mutation probe: reply must follow exact visible presentation in same session [0.60ms]
(pass) Maestro approval > holds stale presentation when a newer presentation intervenes [0.33ms]
(pass) Maestro approval > mutation probe: duplicated presentation identity holds [0.16ms]
(pass) Maestro approval > replays only same decision; reused reply against another presentation holds [0.31ms]
(pass) Maestro approval > holds when revision evidence no longer current [0.09ms]
(pass) Maestro approval > holds malformed actor identity and timestamp before interpreting approval [0.25ms]

 32 pass
 0 fail
 69 expect() calls
Ran 32 tests across 7 files. [13.57s]
